test_actual_main_builder_local_cost_and_fresh_worker (diagnostics.test_head_service_resources.HeadResourceTests.test_actual_main_builder_local_cost_and_fresh_worker) ... ok
test_actual_startup_without_previous_action_empty (diagnostics.test_head_service_resources.HeadResourceTests.test_actual_startup_without_previous_action_empty) ... ok
test_actual_urban_method_off_exact_and_on_single_accepted (diagnostics.test_head_service_resources.HeadResourceTests.test_actual_urban_method_off_exact_and_on_single_accepted) ... ok
test_boolean_carried_support_is_not_a_measurement (diagnostics.test_head_service_resources.HeadResourceTests.test_boolean_carried_support_is_not_a_measurement) ... ok
test_cold_install_does_not_adopt_legacy_1050_floor (diagnostics.test_head_service_resources.HeadResourceTests.test_cold_install_does_not_adopt_legacy_1050_floor) ... ok
test_contract_gate_and_owned_off_lifecycle (diagnostics.test_head_service_resources.HeadResourceTests.test_contract_gate_and_owned_off_lifecycle) ... ok
test_existing_local_consumer_uses_one_budget (diagnostics.test_head_service_resources.HeadResourceTests.test_existing_local_consumer_uses_one_budget) ... ok
test_final_members_and_phantom_removal_single_resource (diagnostics.test_head_service_resources.HeadResourceTests.test_final_members_and_phantom_removal_single_resource) ... ok
test_fresh_worker_uses_serialized_two_resource_view (diagnostics.test_head_service_resources.HeadResourceTests.test_fresh_worker_uses_serialized_two_resource_view) ... ok
test_invalid_receiving_join_does_not_increase_capacity (diagnostics.test_head_service_resources.HeadResourceTests.test_invalid_receiving_join_does_not_increase_capacity) ... ok
test_new_namespace_only_prior_still_requires_full_action_provenance (diagnostics.test_head_service_resources.HeadResourceTests.test_new_namespace_only_prior_still_requires_full_action_provenance) ... ok
test_observed_only_history_1050_never_inherits_seed_max (diagnostics.test_head_service_resources.HeadResourceTests.test_observed_only_history_1050_never_inherits_seed_max) ... ok
test_off_observer_and_config_exact (diagnostics.test_head_service_resources.HeadResourceTests.test_off_observer_and_config_exact) ... ok
test_runtime_none_is_existing_unsupported_input_but_head_observer_accepts_none (diagnostics.test_head_service_resources.HeadResourceTests.test_runtime_none_is_existing_unsupported_input_but_head_observer_accepts_none) ... ok
test_single_budget_partial_green_receiver_rejection_and_reset (diagnostics.test_head_service_resources.HeadResourceTests.test_single_budget_partial_green_receiver_rejection_and_reset) ... ok
test_worker_installer_keeps_final_groups (diagnostics.test_head_service_resources.HeadResourceTests.test_worker_installer_keeps_final_groups) ... ok

----------------------------------------------------------------------
Ran 16 tests in 23.124s

OK
{"schema": "head-resource-canonical-portable-validation/v1", "tests_run": 16, "errors": 0, "failures": 0, "successful": true, "elapsed_sec": 25.25125040000421, "blocked_original_run_access": 0, "blocked_git_calls": 0, "fixture_sha256": "1a0985ededa0ac26c4eaf47dce8b1db5d742636a0d43553e4ba478dc17ea99db", "scope": "Parent process original-run reads/listing and Git subprocess denied. Fresh worker receives private pickle only; no raw fixture reads."}
